// Jest Snapshot v1, https://goo.gl/fbAQLP

exports[`Shallow rendered Contact should render match snapshot 1`] = `
<div
  id="header"
>
  <div>
    <h1>
      
    </h1>
    <h2>
      
    </h2>
  </div>
  <p>
    
  </p>
</div>
`;
